<html>
<body>
<pre>
<h1>µVision Build Log</h1>
<h2>Tool Versions:</h2>
IDE-Version: µVision V5.20.0.0
Copyright (C) 2016 ARM Ltd and ARM Germany GmbH. All rights reserved.
License Information: D Microsoft, Microsoft, LIC=----
 
Tool Versions:
Toolchain:       MDK-Lite  Version: 5.20
Toolchain Path:  C:\Keil_v5\ARM\ARMCC\Bin
C Compiler:      Armcc.exe V5.06 update 2 (build 183)
Assembler:       Armasm.exe V5.06 update 2 (build 183)
Linker/Locator:  ArmLink.exe V5.06 update 2 (build 183)
Library Manager: ArmAr.exe V5.06 update 2 (build 183)
Hex Converter:   FromElf.exe V5.06 update 2 (build 183)
CPU DLL:         SARMCM3.DLL V5.20
Dialog DLL:      DCM.DLL V1.13.7.0
Target DLL:      STLink\ST-LINKIII-KEIL_SWO.dll V2.0.18.0
Dialog DLL:      TCM.DLL V1.14.9.0
 
<h2>Project:</h2>
C:\Users\Nesvera\Documents\STM32 Codes\hil_usb\MDK-ARM\hil_usb.uvprojx
Project File Date:  06/02/2016

<h2>Output:</h2>
*** Using Compiler 'V5.06 update 2 (build 183)', folder: 'C:\Keil_v5\ARM\ARMCC\Bin'
Rebuild target 'hil_usb'
compiling usbd_desc.c...
compiling stm32f1xx_hal_msp.c...
compiling usb_device.c...
compiling stm32f1xx_it.c...
compiling usbd_conf.c...
compiling usbd_cdc_if.c...
..\MDK-ARM\hil_lib.h(25): warning:  #1295-D: Deprecated declaration breakString - give arg types
  void breakString();
../Src/usbd_cdc_if.c: 1 warning, 0 errors
assembling startup_stm32f103xb.s...
compiling main.c...
..\MDK-ARM\hil_lib.h(25): warning:  #1295-D: Deprecated declaration breakString - give arg types
  void breakString();
../Src/main.c: 1 warning, 0 errors
compiling hil_lib.c...
hil_lib.h(25): warning:  #1295-D: Deprecated declaration breakString - give arg types
  void breakString();
hil_lib.c: 1 warning, 0 errors
compiling system_stm32f1xx.c...
compiling usbd_ioreq.c...
compiling usbd_cdc.c...
compiling usbd_core.c...
compiling usbd_ctlreq.c...
compiling stm32f1xx_hal_flash.c...
compiling stm32f1xx_hal_rcc.c...
compiling stm32f1xx_hal_pwr.c...
compiling stm32f1xx_hal_pcd_ex.c...
compiling stm32f1xx_hal_flash_ex.c...
compiling stm32f1xx_hal_tim_ex.c...
compiling stm32f1xx_hal_cortex.c...
compiling stm32f1xx_hal_gpio.c...
compiling stm32f1xx_hal_pcd.c...
compiling stm32f1xx_hal.c...
compiling stm32f1xx_ll_usb.c...
compiling stm32f1xx_hal_rcc_ex.c...
compiling stm32f1xx_hal_dma.c...
compiling stm32f1xx_hal_tim.c...
linking...
Program Size: Code=16728 RO-data=496 RW-data=408 ZI-data=5864  
"hil_usb\hil_usb.axf" - 0 Error(s), 3 Warning(s).

<h2>Software Packages used:</h2>

Package Vendor: ARM
                http://www.keil.com/pack/ARM.CMSIS.5.0.0-Beta4.pack
                ARM::CMSIS:CORE:5.0.0
                CMSIS (Cortex Microcontroller Software Interface Standard)
   * Component: CORE Version: 5.0.0

<h2>Collection of Component include folders:</h2>
  C:\Users\Nesvera\Documents\STM32 Codes\hil_usb\MDK-ARM\RTE
  C:\Keil_v5\ARM\PACK\ARM\CMSIS\5.0.0-Beta4\CMSIS\Include
  C:\Keil_v5\ARM\PACK\Keil\STM32F1xx_DFP\2.1.0\Device\Include

<h2>Collection of Component Files used:</h2>

   * Component: ARM::CMSIS:CORE:5.0.0
Build Time Elapsed:  00:00:10
</pre>
</body>
</html>
